// Jest Snapshot v1, https://goo.gl/fbAQLP

exports[`renders correctly 1`] = `
[
  <RNSVGSvgView
    accessible={false}
    bbHeight={1334}
    bbWidth={750}
    focusable={false}
    height={1334}
    importantForAccessibility="no-hide-descendants"
    style={
      [
        {
          "backgroundColor": "transparent",
          "borderWidth": 0,
        },
        {
          "left": 0,
          "position": "absolute",
          "top": 0,
        },
        {
          "flex": 0,
          "height": 1334,
          "width": 750,
        },
      ]
    }
    width={750}
  >
    <RNSVGGroup
      fill={
        {
          "payload": 4278190080,
          "type": 0,
        }
      }
    >
      <RNSVGDefs>
        <RNSVGRadialGradient
          cx="0%"
          cy="100%"
          fx="0%"
          fy="100%"
          gradient={
            [
              0,
              -10603112,
              1,
              -14411704,
            ]
          }
          gradientTransform={null}
          gradientUnits={0}
          name="grad"
          rx="100%"
          ry="100%"
        />
      </RNSVGDefs>
      <RNSVGRect
        fill={
          {
            "brushRef": "grad",
            "type": 1,
          }
        }
        height={1334}
        propList={
          [
            "fill",
          ]
        }
        width={750}
        x="0"
        y="0"
      />
    </RNSVGGroup>
  </RNSVGSvgView>,
  <RCTSafeAreaView
    style={
      {
        "backgroundColor": "transparent",
        "flex": 1,
      }
    }
  >
    <View
      accessibilityLabel="Chat Header"
      accessibilityRole="header"
      accessible={true}
      style={
        {
          "alignItems": "center",
          "elevation": 4,
          "height": 80,
          "justifyContent": "center",
          "paddingHorizontal": 15,
          "paddingTop": 10,
          "shadowColor": "#000",
          "shadowOffset": {
            "height": 2,
            "width": 0,
          },
          "shadowOpacity": 0.3,
          "shadowRadius": 4,
        }
      }
    >
      <Text
        style={
          [
            {
              "color": "#FFFFFF",
              "fontSize": 22,
              "fontWeight": "bold",
            },
            false,
          ]
        }
      />
    </View>
    <View
      style={
        {
          "flex": 1,
          "paddingBottom": 230,
        }
      }
    >
      <View
        style={
          {
            "flex": 1,
            "paddingHorizontal": 10,
            "paddingVertical": 5,
          }
        }
      >
        <RCTScrollView
          data={[]}
          getItem={[Function]}
          getItemCount={[Function]}
          invertStickyHeaders={true}
          inverted={true}
          isInvertedVirtualizedList={true}
          keyExtractor={[Function]}
          onContentSizeChange={[Function]}
          onLayout={[Function]}
          onMomentumScrollBegin={[Function]}
          onMomentumScrollEnd={[Function]}
          onScroll={[Function]}
          onScrollBeginDrag={[Function]}
          onScrollEndDrag={[Function]}
          removeClippedSubviews={false}
          renderItem={[Function]}
          scrollEventThrottle={0.0001}
          stickyHeaderIndices={[]}
          style={
            [
              {
                "transform": [
                  {
                    "scaleY": -1,
                  },
                ],
              },
              undefined,
            ]
          }
          viewabilityConfigCallbackPairs={[]}
        >
          <View />
        </RCTScrollView>
      </View>
      <View
        style={
          [
            {
              "backgroundColor": "#2E2E3A",
              "padding": 5,
            },
            false,
          ]
        }
      >
        <View
          style={
            {
              "alignItems": "center",
              "flexDirection": "row",
            }
          }
        >
          <View
            accessibilityHint="Plays the current message in Morse code"
            accessibilityLabel="Play Morse code preview"
            accessibilityRole="button"
            accessibilityState={
              {
                "busy": undefined,
                "checked": undefined,
                "disabled": undefined,
                "expanded": undefined,
                "selected": undefined,
              }
            }
            accessibilityValue={
              {
                "max": undefined,
                "min": undefined,
                "now": undefined,
                "text": undefined,
              }
            }
            accessible={true}
            collapsable={false}
            focusable={true}
            onClick={[Function]}
            onResponderGrant={[Function]}
            onResponderMove={[Function]}
            onResponderRelease={[Function]}
            onResponderTerminate={[Function]}
            onResponderTerminationRequest={[Function]}
            onStartShouldSetResponder={[Function]}
            style={
              {
                "opacity": 1,
              }
            }
          >
            <View
              colors={
                [
                  "#7435FD",
                  "#C381E7",
                ]
              }
              end={
                {
                  "x": 0.5,
                  "y": 1,
                }
              }
              start={
                {
                  "x": 0.5,
                  "y": 0,
                }
              }
              style={
                [
                  {
                    "alignItems": "center",
                    "borderRadius": 20,
                    "justifyContent": "center",
                    "paddingHorizontal": 15,
                    "paddingVertical": 8,
                  },
                  {
                    "paddingHorizontal": 0,
                    "paddingVertical": 0,
                  },
                  [
                    {
                      "alignItems": "center",
                      "borderRadius": 25,
                      "height": 35,
                      "justifyContent": "center",
                      "marginHorizontal": 4,
                      "width": 35,
                    },
                    {
                      "marginLeft": 4,
                    },
                  ],
                ]
              }
            >
              <Text>
                flash-outline
              </Text>
            </View>
          </View>
          <View
            accessibilityHint="Reads the current message using text-to-speech"
            accessibilityLabel="Speak message preview"
            accessibilityRole="button"
            accessibilityState={
              {
                "busy": undefined,
                "checked": undefined,
                "disabled": undefined,
                "expanded": undefined,
                "selected": undefined,
              }
            }
            accessibilityValue={
              {
                "max": undefined,
                "min": undefined,
                "now": undefined,
                "text": undefined,
              }
            }
            accessible={true}
            collapsable={false}
            focusable={true}
            onClick={[Function]}
            onResponderGrant={[Function]}
            onResponderMove={[Function]}
            onResponderRelease={[Function]}
            onResponderTerminate={[Function]}
            onResponderTerminationRequest={[Function]}
            onStartShouldSetResponder={[Function]}
            style={
              {
                "opacity": 1,
              }
            }
          >
            <View
              colors={
                [
                  "#7435FD",
                  "#C381E7",
                ]
              }
              end={
                {
                  "x": 0.5,
                  "y": 1,
                }
              }
              start={
                {
                  "x": 0.5,
                  "y": 0,
                }
              }
              style={
                [
                  {
                    "alignItems": "center",
                    "borderRadius": 20,
                    "justifyContent": "center",
                    "paddingHorizontal": 15,
                    "paddingVertical": 8,
                  },
                  {
                    "paddingHorizontal": 0,
                    "paddingVertical": 0,
                  },
                  [
                    {
                      "alignItems": "center",
                      "borderRadius": 25,
                      "height": 35,
                      "justifyContent": "center",
                      "marginHorizontal": 4,
                      "width": 35,
                    },
                    {
                      "marginLeft": 4,
                    },
                  ],
                ]
              }
            >
              <Text>
                volume-high-outline
              </Text>
            </View>
          </View>
          <TextInput
            accessibilityHint="Type your message here"
            accessibilityLabel="Message input"
            accessibilityRole="text"
            accessible={true}
            onChangeText={[Function]}
            placeholder="Type a message"
            placeholderTextColor="#888"
            style={
              [
                {
                  "backgroundColor": "#27293D",
                  "borderRadius": 20,
                  "color": "#FFFFFF",
                  "flex": 1,
                  "fontSize": 16,
                  "height": 40,
                  "paddingHorizontal": 12,
                },
                {
                  "flex": 1,
                  "marginRight": 8,
                },
                false,
              ]
            }
            value=""
          />
          <View
            accessibilityHint="Sends your message"
            accessibilityLabel="Send message"
            accessibilityRole="button"
            accessibilityState={
              {
                "busy": undefined,
                "checked": undefined,
                "disabled": undefined,
                "expanded": undefined,
                "selected": undefined,
              }
            }
            accessibilityValue={
              {
                "max": undefined,
                "min": undefined,
                "now": undefined,
                "text": undefined,
              }
            }
            accessible={true}
            collapsable={false}
            focusable={true}
            onClick={[Function]}
            onResponderGrant={[Function]}
            onResponderMove={[Function]}
            onResponderRelease={[Function]}
            onResponderTerminate={[Function]}
            onResponderTerminationRequest={[Function]}
            onStartShouldSetResponder={[Function]}
            style={
              {
                "opacity": 1,
              }
            }
          >
            <View
              colors={
                [
                  "#7435FD",
                  "#C381E7",
                ]
              }
              end={
                {
                  "x": 0.5,
                  "y": 1,
                }
              }
              start={
                {
                  "x": 0.5,
                  "y": 0,
                }
              }
              style={
                [
                  {
                    "alignItems": "center",
                    "borderRadius": 20,
                    "justifyContent": "center",
                    "paddingHorizontal": 15,
                    "paddingVertical": 8,
                  },
                  {
                    "paddingHorizontal": 0,
                    "paddingVertical": 0,
                  },
                  [
                    {
                      "alignItems": "center",
                      "backgroundColor": "#5B67FF",
                      "borderRadius": 20,
                      "height": 40,
                      "justifyContent": "center",
                      "marginLeft": 8,
                      "paddingHorizontal": 15,
                      "paddingVertical": 8,
                    },
                    false,
                  ],
                ]
              }
            >
              <Text>
                send-outline
              </Text>
            </View>
          </View>
        </View>
      </View>
    </View>
    <View
      style={
        {
          "backgroundColor": "#2E2E3A",
          "bottom": 0,
          "height": 265,
          "left": 0,
          "position": "absolute",
          "right": 0,
        }
      }
    >
      <View
        style={
          {
            "borderColor": "#3A3A4A",
            "borderTopWidth": 1,
          }
        }
      >
        <View
          style={
            [
              {
                "backgroundColor": "#2E2E3A",
                "borderColor": "#3A3A4A",
                "borderTopWidth": 1,
                "paddingVertical": 4,
              },
              false,
            ]
          }
        >
          <View
            style={
              {
                "alignItems": "center",
                "flexDirection": "row",
                "justifyContent": "space-around",
                "marginVertical": 4,
              }
            }
          >
            <View
              accessibilityHint="Press to input ⠟"
              accessibilityLabel="Key ⠟"
              accessibilityRole="button"
              accessible={true}
              collapsable={false}
              onMoveShouldSetResponder={[Function]}
              onMoveShouldSetResponderCapture={[Function]}
              onResponderEnd={[Function]}
              onResponderGrant={[Function]}
              onResponderMove={[Function]}
              onResponderReject={[Function]}
              onResponderRelease={[Function]}
              onResponderStart={[Function]}
              onResponderTerminate={[Function]}
              onResponderTerminationRequest={[Function]}
              onStartShouldSetResponder={[Function]}
              onStartShouldSetResponderCapture={[Function]}
              style={
                {
                  "backgroundColor": "#3A3A4A",
                  "borderRadius": 8,
                  "height": 67.5,
                  "marginHorizontal": 2,
                  "transform": [
                    {
                      "scale": 1,
                    },
                  ],
                  "width": 67.5,
                }
              }
            >
              <View
                style={
                  {
                    "alignItems": "center",
                    "flex": 1,
                    "justifyContent": "center",
                  }
                }
              >
                <Text
                  style={
                    [
                      {
                        "fontSize": 35,
                        "lineHeight": 35,
                        "textAlign": "center",
                      },
                      {
                        "color": "#FFFFFF",
                        "fontSize": 35,
                        "lineHeight": 67.5,
                        "textAlign": "center",
                      },
                      {},
                    ]
                  }
                >
                  ⠟
                </Text>
              </View>
            </View>
            <View
              accessibilityHint="Press to input ⠺"
              accessibilityLabel="Key ⠺"
              accessibilityRole="button"
              accessible={true}
              collapsable={false}
              onMoveShouldSetResponder={[Function]}
              onMoveShouldSetResponderCapture={[Function]}
              onResponderEnd={[Function]}
              onResponderGrant={[Function]}
              onResponderMove={[Function]}
              onResponderReject={[Function]}
              onResponderRelease={[Function]}
              onResponderStart={[Function]}
              onResponderTerminate={[Function]}
              onResponderTerminationRequest={[Function]}
              onStartShouldSetResponder={[Function]}
              onStartShouldSetResponderCapture={[Function]}
              style={
                {
                  "backgroundColor": "#3A3A4A",
                  "borderRadius": 8,
                  "height": 67.5,
                  "marginHorizontal": 2,
                  "transform": [
                    {
                      "scale": 1,
                    },
                  ],
                  "width": 67.5,
                }
              }
            >
              <View
                style={
                  {
                    "alignItems": "center",
                    "flex": 1,
                    "justifyContent": "center",
                  }
                }
              >
                <Text
                  style={
                    [
                      {
                        "fontSize": 35,
                        "lineHeight": 35,
                        "textAlign": "center",
                      },
                      {
                        "color": "#FFFFFF",
                        "fontSize": 35,
                        "lineHeight": 67.5,
                        "textAlign": "center",
                      },
                      {},
                    ]
                  }
                >
                  ⠺
                </Text>
              </View>
            </View>
            <View
              accessibilityHint="Press to input ⠑"
              accessibilityLabel="Key ⠑"
              accessibilityRole="button"
              accessible={true}
              collapsable={false}
              onMoveShouldSetResponder={[Function]}
              onMoveShouldSetResponderCapture={[Function]}
              onResponderEnd={[Function]}
              onResponderGrant={[Function]}
              onResponderMove={[Function]}
              onResponderReject={[Function]}
              onResponderRelease={[Function]}
              onResponderStart={[Function]}
              onResponderTerminate={[Function]}
              onResponderTerminationRequest={[Function]}
              onStartShouldSetResponder={[Function]}
              onStartShouldSetResponderCapture={[Function]}
              style={
                {
                  "backgroundColor": "#3A3A4A",
                  "borderRadius": 8,
                  "height": 67.5,
                  "marginHorizontal": 2,
                  "transform": [
                    {
                      "scale": 1,
                    },
                  ],
                  "width": 67.5,
                }
              }
            >
              <View
                style={
                  {
                    "alignItems": "center",
                    "flex": 1,
                    "justifyContent": "center",
                  }
                }
              >
                <Text
                  style={
                    [
                      {
                        "fontSize": 35,
                        "lineHeight": 35,
                        "textAlign": "center",
                      },
                      {
                        "color": "#FFFFFF",
                        "fontSize": 35,
                        "lineHeight": 67.5,
                        "textAlign": "center",
                      },
                      {},
                    ]
                  }
                >
                  ⠑
                </Text>
              </View>
            </View>
            <View
              accessibilityHint="Press to input ⠗"
              accessibilityLabel="Key ⠗"
              accessibilityRole="button"
              accessible={true}
              collapsable={false}
              onMoveShouldSetResponder={[Function]}
              onMoveShouldSetResponderCapture={[Function]}
              onResponderEnd={[Function]}
              onResponderGrant={[Function]}
              onResponderMove={[Function]}
              onResponderReject={[Function]}
              onResponderRelease={[Function]}
              onResponderStart={[Function]}
              onResponderTerminate={[Function]}
              onResponderTerminationRequest={[Function]}
              onStartShouldSetResponder={[Function]}
              onStartShouldSetResponderCapture={[Function]}
              style={
                {
                  "backgroundColor": "#3A3A4A",
                  "borderRadius": 8,
                  "height": 67.5,
                  "marginHorizontal": 2,
                  "transform": [
                    {
                      "scale": 1,
                    },
                  ],
                  "width": 67.5,
                }
              }
            >
              <View
                style={
                  {
                    "alignItems": "center",
                    "flex": 1,
                    "justifyContent": "center",
                  }
                }
              >
                <Text
                  style={
                    [
                      {
                        "fontSize": 35,
                        "lineHeight": 35,
                        "textAlign": "center",
                      },
                      {
                        "color": "#FFFFFF",
                        "fontSize": 35,
                        "lineHeight": 67.5,
                        "textAlign": "center",
                      },
                      {},
                    ]
                  }
                >
                  ⠗
                </Text>
              </View>
            </View>
            <View
              accessibilityHint="Press to input ⠞"
              accessibilityLabel="Key ⠞"
              accessibilityRole="button"
              accessible={true}
              collapsable={false}
              onMoveShouldSetResponder={[Function]}
              onMoveShouldSetResponderCapture={[Function]}
              onResponderEnd={[Function]}
              onResponderGrant={[Function]}
              onResponderMove={[Function]}
              onResponderReject={[Function]}
              onResponderRelease={[Function]}
              onResponderStart={[Function]}
              onResponderTerminate={[Function]}
              onResponderTerminationRequest={[Function]}
              onStartShouldSetResponder={[Function]}
              onStartShouldSetResponderCapture={[Function]}
              style={
                {
                  "backgroundColor": "#3A3A4A",
                  "borderRadius": 8,
                  "height": 67.5,
                  "marginHorizontal": 2,
                  "transform": [
                    {
                      "scale": 1,
                    },
                  ],
                  "width": 67.5,
                }
              }
            >
              <View
                style={
                  {
                    "alignItems": "center",
                    "flex": 1,
                    "justifyContent": "center",
                  }
                }
              >
                <Text
                  style={
                    [
                      {
                        "fontSize": 35,
                        "lineHeight": 35,
                        "textAlign": "center",
                      },
                      {
                        "color": "#FFFFFF",
                        "fontSize": 35,
                        "lineHeight": 67.5,
                        "textAlign": "center",
                      },
                      {},
                    ]
                  }
                >
                  ⠞
                </Text>
              </View>
            </View>
            <View
              accessibilityHint="Press to input ⠽"
              accessibilityLabel="Key ⠽"
              accessibilityRole="button"
              accessible={true}
              collapsable={false}
              onMoveShouldSetResponder={[Function]}
              onMoveShouldSetResponderCapture={[Function]}
              onResponderEnd={[Function]}
              onResponderGrant={[Function]}
              onResponderMove={[Function]}
              onResponderReject={[Function]}
              onResponderRelease={[Function]}
              onResponderStart={[Function]}
              onResponderTerminate={[Function]}
              onResponderTerminationRequest={[Function]}
              onStartShouldSetResponder={[Function]}
              onStartShouldSetResponderCapture={[Function]}
              style={
                {
                  "backgroundColor": "#3A3A4A",
                  "borderRadius": 8,
                  "height": 67.5,
                  "marginHorizontal": 2,
                  "transform": [
                    {
                      "scale": 1,
                    },
                  ],
                  "width": 67.5,
                }
              }
            >
              <View
                style={
                  {
                    "alignItems": "center",
                    "flex": 1,
                    "justifyContent": "center",
                  }
                }
              >
                <Text
                  style={
                    [
                      {
                        "fontSize": 35,
                        "lineHeight": 35,
                        "textAlign": "center",
                      },
                      {
                        "color": "#FFFFFF",
                        "fontSize": 35,
                        "lineHeight": 67.5,
                        "textAlign": "center",
                      },
                      {},
                    ]
                  }
                >
                  ⠽
                </Text>
              </View>
            </View>
            <View
              accessibilityHint="Press to input ⠥"
              accessibilityLabel="Key ⠥"
              accessibilityRole="button"
              accessible={true}
              collapsable={false}
              onMoveShouldSetResponder={[Function]}
              onMoveShouldSetResponderCapture={[Function]}
              onResponderEnd={[Function]}
              onResponderGrant={[Function]}
              onResponderMove={[Function]}
              onResponderReject={[Function]}
              onResponderRelease={[Function]}
              onResponderStart={[Function]}
              onResponderTerminate={[Function]}
              onResponderTerminationRequest={[Function]}
              onStartShouldSetResponder={[Function]}
              onStartShouldSetResponderCapture={[Function]}
              style={
                {
                  "backgroundColor": "#3A3A4A",
                  "borderRadius": 8,
                  "height": 67.5,
                  "marginHorizontal": 2,
                  "transform": [
                    {
                      "scale": 1,
                    },
                  ],
                  "width": 67.5,
                }
              }
            >
              <View
                style={
                  {
                    "alignItems": "center",
                    "flex": 1,
                    "justifyContent": "center",
                  }
                }
              >
                <Text
                  style={
                    [
                      {
                        "fontSize": 35,
                        "lineHeight": 35,
                        "textAlign": "center",
                      },
                      {
                        "color": "#FFFFFF",
                        "fontSize": 35,
                        "lineHeight": 67.5,
                        "textAlign": "center",
                      },
                      {},
                    ]
                  }
                >
                  ⠥
                </Text>
              </View>
            </View>
            <View
              accessibilityHint="Press to input ⠊"
              accessibilityLabel="Key ⠊"
              accessibilityRole="button"
              accessible={true}
              collapsable={false}
              onMoveShouldSetResponder={[Function]}
              onMoveShouldSetResponderCapture={[Function]}
              onResponderEnd={[Function]}
              onResponderGrant={[Function]}
              onResponderMove={[Function]}
              onResponderReject={[Function]}
              onResponderRelease={[Function]}
              onResponderStart={[Function]}
              onResponderTerminate={[Function]}
              onResponderTerminationRequest={[Function]}
              onStartShouldSetResponder={[Function]}
              onStartShouldSetResponderCapture={[Function]}
              style={
                {
                  "backgroundColor": "#3A3A4A",
                  "borderRadius": 8,
                  "height": 67.5,
                  "marginHorizontal": 2,
                  "transform": [
                    {
                      "scale": 1,
                    },
                  ],
                  "width": 67.5,
                }
              }
            >
              <View
                style={
                  {
                    "alignItems": "center",
                    "flex": 1,
                    "justifyContent": "center",
                  }
                }
              >
                <Text
                  style={
                    [
                      {
                        "fontSize": 35,
                        "lineHeight": 35,
                        "textAlign": "center",
                      },
                      {
                        "color": "#FFFFFF",
                        "fontSize": 35,
                        "lineHeight": 67.5,
                        "textAlign": "center",
                      },
                      {},
                    ]
                  }
                >
                  ⠊
                </Text>
              </View>
            </View>
            <View
              accessibilityHint="Press to input ⠕"
              accessibilityLabel="Key ⠕"
              accessibilityRole="button"
              accessible={true}
              collapsable={false}
              onMoveShouldSetResponder={[Function]}
              onMoveShouldSetResponderCapture={[Function]}
              onResponderEnd={[Function]}
              onResponderGrant={[Function]}
              onResponderMove={[Function]}
              onResponderReject={[Function]}
              onResponderRelease={[Function]}
              onResponderStart={[Function]}
              onResponderTerminate={[Function]}
              onResponderTerminationRequest={[Function]}
              onStartShouldSetResponder={[Function]}
              onStartShouldSetResponderCapture={[Function]}
              style={
                {
                  "backgroundColor": "#3A3A4A",
                  "borderRadius": 8,
                  "height": 67.5,
                  "marginHorizontal": 2,
                  "transform": [
                    {
                      "scale": 1,
                    },
                  ],
                  "width": 67.5,
                }
              }
            >
              <View
                style={
                  {
                    "alignItems": "center",
                    "flex": 1,
                    "justifyContent": "center",
                  }
                }
              >
                <Text
                  style={
                    [
                      {
                        "fontSize": 35,
                        "lineHeight": 35,
                        "textAlign": "center",
                      },
                      {
                        "color": "#FFFFFF",
                        "fontSize": 35,
                        "lineHeight": 67.5,
                        "textAlign": "center",
                      },
                      {},
                    ]
                  }
                >
                  ⠕
                </Text>
              </View>
            </View>
            <View
              accessibilityHint="Press to input ⠏"
              accessibilityLabel="Key ⠏"
              accessibilityRole="button"
              accessible={true}
              collapsable={false}
              onMoveShouldSetResponder={[Function]}
              onMoveShouldSetResponderCapture={[Function]}
              onResponderEnd={[Function]}
              onResponderGrant={[Function]}
              onResponderMove={[Function]}
              onResponderReject={[Function]}
              onResponderRelease={[Function]}
              onResponderStart={[Function]}
              onResponderTerminate={[Function]}
              onResponderTerminationRequest={[Function]}
              onStartShouldSetResponder={[Function]}
              onStartShouldSetResponderCapture={[Function]}
              style={
                {
                  "backgroundColor": "#3A3A4A",
                  "borderRadius": 8,
                  "height": 67.5,
                  "marginHorizontal": 2,
                  "transform": [
                    {
                      "scale": 1,
                    },
                  ],
                  "width": 67.5,
                }
              }
            >
              <View
                style={
                  {
                    "alignItems": "center",
                    "flex": 1,
                    "justifyContent": "center",
                  }
                }
              >
                <Text
                  style={
                    [
                      {
                        "fontSize": 35,
                        "lineHeight": 35,
                        "textAlign": "center",
                      },
                      {
                        "color": "#FFFFFF",
                        "fontSize": 35,
                        "lineHeight": 67.5,
                        "textAlign": "center",
                      },
                      {},
                    ]
                  }
                >
                  ⠏
                </Text>
              </View>
            </View>
          </View>
          <View
            style={
              [
                {
                  "alignItems": "center",
                  "flexDirection": "row",
                  "justifyContent": "space-around",
                  "marginVertical": 4,
                },
                {
                  "justifyContent": "center",
                },
              ]
            }
          >
            <View
              accessibilityHint="Press to input ⠁"
              accessibilityLabel="Key ⠁"
              accessibilityRole="button"
              accessible={true}
              collapsable={false}
              onMoveShouldSetResponder={[Function]}
              onMoveShouldSetResponderCapture={[Function]}
              onResponderEnd={[Function]}
              onResponderGrant={[Function]}
              onResponderMove={[Function]}
              onResponderReject={[Function]}
              onResponderRelease={[Function]}
              onResponderStart={[Function]}
              onResponderTerminate={[Function]}
              onResponderTerminationRequest={[Function]}
              onStartShouldSetResponder={[Function]}
              onStartShouldSetResponderCapture={[Function]}
              style={
                {
                  "backgroundColor": "#3A3A4A",
                  "borderRadius": 8,
                  "height": 67.5,
                  "marginHorizontal": 2,
                  "transform": [
                    {
                      "scale": 1,
                    },
                  ],
                  "width": 67.5,
                }
              }
            >
              <View
                style={
                  {
                    "alignItems": "center",
                    "flex": 1,
                    "justifyContent": "center",
                  }
                }
              >
                <Text
                  style={
                    [
                      {
                        "fontSize": 35,
                        "lineHeight": 35,
                        "textAlign": "center",
                      },
                      {
                        "color": "#FFFFFF",
                        "fontSize": 35,
                        "lineHeight": 67.5,
                        "textAlign": "center",
                      },
                      {},
                    ]
                  }
                >
                  ⠁
                </Text>
              </View>
            </View>
            <View
              accessibilityHint="Press to input ⠎"
              accessibilityLabel="Key ⠎"
              accessibilityRole="button"
              accessible={true}
              collapsable={false}
              onMoveShouldSetResponder={[Function]}
              onMoveShouldSetResponderCapture={[Function]}
              onResponderEnd={[Function]}
              onResponderGrant={[Function]}
              onResponderMove={[Function]}
              onResponderReject={[Function]}
              onResponderRelease={[Function]}
              onResponderStart={[Function]}
              onResponderTerminate={[Function]}
              onResponderTerminationRequest={[Function]}
              onStartShouldSetResponder={[Function]}
              onStartShouldSetResponderCapture={[Function]}
              style={
                {
                  "backgroundColor": "#3A3A4A",
                  "borderRadius": 8,
                  "height": 67.5,
                  "marginHorizontal": 2,
                  "transform": [
                    {
                      "scale": 1,
                    },
                  ],
                  "width": 67.5,
                }
              }
            >
              <View
                style={
                  {
                    "alignItems": "center",
                    "flex": 1,
                    "justifyContent": "center",
                  }
                }
              >
                <Text
                  style={
                    [
                      {
                        "fontSize": 35,
                        "lineHeight": 35,
                        "textAlign": "center",
                      },
                      {
                        "color": "#FFFFFF",
                        "fontSize": 35,
                        "lineHeight": 67.5,
                        "textAlign": "center",
                      },
                      {},
                    ]
                  }
                >
                  ⠎
                </Text>
              </View>
            </View>
            <View
              accessibilityHint="Press to input ⠙"
              accessibilityLabel="Key ⠙"
              accessibilityRole="button"
              accessible={true}
              collapsable={false}
              onMoveShouldSetResponder={[Function]}
              onMoveShouldSetResponderCapture={[Function]}
              onResponderEnd={[Function]}
              onResponderGrant={[Function]}
              onResponderMove={[Function]}
              onResponderReject={[Function]}
              onResponderRelease={[Function]}
              onResponderStart={[Function]}
              onResponderTerminate={[Function]}
              onResponderTerminationRequest={[Function]}
              onStartShouldSetResponder={[Function]}
              onStartShouldSetResponderCapture={[Function]}
              style={
                {
                  "backgroundColor": "#3A3A4A",
                  "borderRadius": 8,
                  "height": 67.5,
                  "marginHorizontal": 2,
                  "transform": [
                    {
                      "scale": 1,
                    },
                  ],
                  "width": 67.5,
                }
              }
            >
              <View
                style={
                  {
                    "alignItems": "center",
                    "flex": 1,
                    "justifyContent": "center",
                  }
                }
              >
                <Text
                  style={
                    [
                      {
                        "fontSize": 35,
                        "lineHeight": 35,
                        "textAlign": "center",
                      },
                      {
                        "color": "#FFFFFF",
                        "fontSize": 35,
                        "lineHeight": 67.5,
                        "textAlign": "center",
                      },
                      {},
                    ]
                  }
                >
                  ⠙
                </Text>
              </View>
            </View>
            <View
              accessibilityHint="Press to input ⠋"
              accessibilityLabel="Key ⠋"
              accessibilityRole="button"
              accessible={true}
              collapsable={false}
              onMoveShouldSetResponder={[Function]}
              onMoveShouldSetResponderCapture={[Function]}
              onResponderEnd={[Function]}
              onResponderGrant={[Function]}
              onResponderMove={[Function]}
              onResponderReject={[Function]}
              onResponderRelease={[Function]}
              onResponderStart={[Function]}
              onResponderTerminate={[Function]}
              onResponderTerminationRequest={[Function]}
              onStartShouldSetResponder={[Function]}
              onStartShouldSetResponderCapture={[Function]}
              style={
                {
                  "backgroundColor": "#3A3A4A",
                  "borderRadius": 8,
                  "height": 67.5,
                  "marginHorizontal": 2,
                  "transform": [
                    {
                      "scale": 1,
                    },
                  ],
                  "width": 67.5,
                }
              }
            >
              <View
                style={
                  {
                    "alignItems": "center",
                    "flex": 1,
                    "justifyContent": "center",
                  }
                }
              >
                <Text
                  style={
                    [
                      {
                        "fontSize": 35,
                        "lineHeight": 35,
                        "textAlign": "center",
                      },
                      {
                        "color": "#FFFFFF",
                        "fontSize": 35,
                        "lineHeight": 67.5,
                        "textAlign": "center",
                      },
                      {},
                    ]
                  }
                >
                  ⠋
                </Text>
              </View>
            </View>
            <View
              accessibilityHint="Press to input ⠛"
              accessibilityLabel="Key ⠛"
              accessibilityRole="button"
              accessible={true}
              collapsable={false}
              onMoveShouldSetResponder={[Function]}
              onMoveShouldSetResponderCapture={[Function]}
              onResponderEnd={[Function]}
              onResponderGrant={[Function]}
              onResponderMove={[Function]}
              onResponderReject={[Function]}
              onResponderRelease={[Function]}
              onResponderStart={[Function]}
              onResponderTerminate={[Function]}
              onResponderTerminationRequest={[Function]}
              onStartShouldSetResponder={[Function]}
              onStartShouldSetResponderCapture={[Function]}
              style={
                {
                  "backgroundColor": "#3A3A4A",
                  "borderRadius": 8,
                  "height": 67.5,
                  "marginHorizontal": 2,
                  "transform": [
                    {
                      "scale": 1,
                    },
                  ],
                  "width": 67.5,
                }
              }
            >
              <View
                style={
                  {
                    "alignItems": "center",
                    "flex": 1,
                    "justifyContent": "center",
                  }
                }
              >
                <Text
                  style={
                    [
                      {
                        "fontSize": 35,
                        "lineHeight": 35,
                        "textAlign": "center",
                      },
                      {
                        "color": "#FFFFFF",
                        "fontSize": 35,
                        "lineHeight": 67.5,
                        "textAlign": "center",
                      },
                      {},
                    ]
                  }
                >
                  ⠛
                </Text>
              </View>
            </View>
            <View
              accessibilityHint="Press to input ⠓"
              accessibilityLabel="Key ⠓"
              accessibilityRole="button"
              accessible={true}
              collapsable={false}
              onMoveShouldSetResponder={[Function]}
              onMoveShouldSetResponderCapture={[Function]}
              onResponderEnd={[Function]}
              onResponderGrant={[Function]}
              onResponderMove={[Function]}
              onResponderReject={[Function]}
              onResponderRelease={[Function]}
              onResponderStart={[Function]}
              onResponderTerminate={[Function]}
              onResponderTerminationRequest={[Function]}
              onStartShouldSetResponder={[Function]}
              onStartShouldSetResponderCapture={[Function]}
              style={
                {
                  "backgroundColor": "#3A3A4A",
                  "borderRadius": 8,
                  "height": 67.5,
                  "marginHorizontal": 2,
                  "transform": [
                    {
                      "scale": 1,
                    },
                  ],
                  "width": 67.5,
                }
              }
            >
              <View
                style={
                  {
                    "alignItems": "center",
                    "flex": 1,
                    "justifyContent": "center",
                  }
                }
              >
                <Text
                  style={
                    [
                      {
                        "fontSize": 35,
                        "lineHeight": 35,
                        "textAlign": "center",
                      },
                      {
                        "color": "#FFFFFF",
                        "fontSize": 35,
                        "lineHeight": 67.5,
                        "textAlign": "center",
                      },
                      {},
                    ]
                  }
                >
                  ⠓
                </Text>
              </View>
            </View>
            <View
              accessibilityHint="Press to input ⠚"
              accessibilityLabel="Key ⠚"
              accessibilityRole="button"
              accessible={true}
              collapsable={false}
              onMoveShouldSetResponder={[Function]}
              onMoveShouldSetResponderCapture={[Function]}
              onResponderEnd={[Function]}
              onResponderGrant={[Function]}
              onResponderMove={[Function]}
              onResponderReject={[Function]}
              onResponderRelease={[Function]}
              onResponderStart={[Function]}
              onResponderTerminate={[Function]}
              onResponderTerminationRequest={[Function]}
              onStartShouldSetResponder={[Function]}
              onStartShouldSetResponderCapture={[Function]}
              style={
                {
                  "backgroundColor": "#3A3A4A",
                  "borderRadius": 8,
                  "height": 67.5,
                  "marginHorizontal": 2,
                  "transform": [
                    {
                      "scale": 1,
                    },
                  ],
                  "width": 67.5,
                }
              }
            >
              <View
                style={
                  {
                    "alignItems": "center",
                    "flex": 1,
                    "justifyContent": "center",
                  }
                }
              >
                <Text
                  style={
                    [
                      {
                        "fontSize": 35,
                        "lineHeight": 35,
                        "textAlign": "center",
                      },
                      {
                        "color": "#FFFFFF",
                        "fontSize": 35,
                        "lineHeight": 67.5,
                        "textAlign": "center",
                      },
                      {},
                    ]
                  }
                >
                  ⠚
                </Text>
              </View>
            </View>
            <View
              accessibilityHint="Press to input ⠅"
              accessibilityLabel="Key ⠅"
              accessibilityRole="button"
              accessible={true}
              collapsable={false}
              onMoveShouldSetResponder={[Function]}
              onMoveShouldSetResponderCapture={[Function]}
              onResponderEnd={[Function]}
              onResponderGrant={[Function]}
              onResponderMove={[Function]}
              onResponderReject={[Function]}
              onResponderRelease={[Function]}
              onResponderStart={[Function]}
              onResponderTerminate={[Function]}
              onResponderTerminationRequest={[Function]}
              onStartShouldSetResponder={[Function]}
              onStartShouldSetResponderCapture={[Function]}
              style={
                {
                  "backgroundColor": "#3A3A4A",
                  "borderRadius": 8,
                  "height": 67.5,
                  "marginHorizontal": 2,
                  "transform": [
                    {
                      "scale": 1,
                    },
                  ],
                  "width": 67.5,
                }
              }
            >
              <View
                style={
                  {
                    "alignItems": "center",
                    "flex": 1,
                    "justifyContent": "center",
                  }
                }
              >
                <Text
                  style={
                    [
                      {
                        "fontSize": 35,
                        "lineHeight": 35,
                        "textAlign": "center",
                      },
                      {
                        "color": "#FFFFFF",
                        "fontSize": 35,
                        "lineHeight": 67.5,
                        "textAlign": "center",
                      },
                      {},
                    ]
                  }
                >
                  ⠅
                </Text>
              </View>
            </View>
            <View
              accessibilityHint="Press to input ⠇"
              accessibilityLabel="Key ⠇"
              accessibilityRole="button"
              accessible={true}
              collapsable={false}
              onMoveShouldSetResponder={[Function]}
              onMoveShouldSetResponderCapture={[Function]}
              onResponderEnd={[Function]}
              onResponderGrant={[Function]}
              onResponderMove={[Function]}
              onResponderReject={[Function]}
              onResponderRelease={[Function]}
              onResponderStart={[Function]}
              onResponderTerminate={[Function]}
              onResponderTerminationRequest={[Function]}
              onStartShouldSetResponder={[Function]}
              onStartShouldSetResponderCapture={[Function]}
              style={
                {
                  "backgroundColor": "#3A3A4A",
                  "borderRadius": 8,
                  "height": 67.5,
                  "marginHorizontal": 2,
                  "transform": [
                    {
                      "scale": 1,
                    },
                  ],
                  "width": 67.5,
                }
              }
            >
              <View
                style={
                  {
                    "alignItems": "center",
                    "flex": 1,
                    "justifyContent": "center",
                  }
                }
              >
                <Text
                  style={
                    [
                      {
                        "fontSize": 35,
                        "lineHeight": 35,
                        "textAlign": "center",
                      },
                      {
                        "color": "#FFFFFF",
                        "fontSize": 35,
                        "lineHeight": 67.5,
                        "textAlign": "center",
                      },
                      {},
                    ]
                  }
                >
                  ⠇
                </Text>
              </View>
            </View>
          </View>
          <View
            style={
              [
                {
                  "alignItems": "center",
                  "flexDirection": "row",
                  "justifyContent": "space-around",
                  "marginVertical": 4,
                },
                {
                  "justifyContent": "center",
                },
              ]
            }
          >
            <View
              accessibilityHint="Toggle Braille input mode"
              accessibilityLabel="Shift"
              accessibilityRole="button"
              accessible={true}
              collapsable={false}
              onMoveShouldSetResponder={[Function]}
              onMoveShouldSetResponderCapture={[Function]}
              onResponderEnd={[Function]}
              onResponderGrant={[Function]}
              onResponderMove={[Function]}
              onResponderReject={[Function]}
              onResponderRelease={[Function]}
              onResponderStart={[Function]}
              onResponderTerminate={[Function]}
              onResponderTerminationRequest={[Function]}
              onStartShouldSetResponder={[Function]}
              onStartShouldSetResponderCapture={[Function]}
              style={
                {
                  "backgroundColor": "#3A3A4A",
                  "borderRadius": 8,
                  "height": 67.5,
                  "marginHorizontal": 2,
                  "transform": [
                    {
                      "scale": 1,
                    },
                  ],
                  "width": 67.5,
                }
              }
            >
              <View
                style={
                  {
                    "alignItems": "center",
                    "flex": 1,
                    "justifyContent": "center",
                  }
                }
              >
                <Text
                  style={
                    [
                      {
                        "fontSize": 35,
                        "lineHeight": 35,
                        "textAlign": "center",
                      },
                      {
                        "color": "#FFFFFF",
                        "fontSize": 35,
                        "lineHeight": 67.5,
                        "textAlign": "center",
                      },
                      {},
                    ]
                  }
                >
                  ⇧
                </Text>
              </View>
            </View>
            <View
              accessibilityHint="Press to input ⠵"
              accessibilityLabel="Key ⠵"
              accessibilityRole="button"
              accessible={true}
              collapsable={false}
              onMoveShouldSetResponder={[Function]}
              onMoveShouldSetResponderCapture={[Function]}
              onResponderEnd={[Function]}
              onResponderGrant={[Function]}
              onResponderMove={[Function]}
              onResponderReject={[Function]}
              onResponderRelease={[Function]}
              onResponderStart={[Function]}
              onResponderTerminate={[Function]}
              onResponderTerminationRequest={[Function]}
              onStartShouldSetResponder={[Function]}
              onStartShouldSetResponderCapture={[Function]}
              style={
                {
                  "backgroundColor": "#3A3A4A",
                  "borderRadius": 8,
                  "height": 67.5,
                  "marginHorizontal": 2,
                  "transform": [
                    {
                      "scale": 1,
                    },
                  ],
                  "width": 67.5,
                }
              }
            >
              <View
                style={
                  {
                    "alignItems": "center",
                    "flex": 1,
                    "justifyContent": "center",
                  }
                }
              >
                <Text
                  style={
                    [
                      {
                        "fontSize": 35,
                        "lineHeight": 35,
                        "textAlign": "center",
                      },
                      {
                        "color": "#FFFFFF",
                        "fontSize": 35,
                        "lineHeight": 67.5,
                        "textAlign": "center",
                      },
                      {},
                    ]
                  }
                >
                  ⠵
                </Text>
              </View>
            </View>
            <View
              accessibilityHint="Press to input ⠭"
              accessibilityLabel="Key ⠭"
              accessibilityRole="button"
              accessible={true}
              collapsable={false}
              onMoveShouldSetResponder={[Function]}
              onMoveShouldSetResponderCapture={[Function]}
              onResponderEnd={[Function]}
              onResponderGrant={[Function]}
              onResponderMove={[Function]}
              onResponderReject={[Function]}
              onResponderRelease={[Function]}
              onResponderStart={[Function]}
              onResponderTerminate={[Function]}
              onResponderTerminationRequest={[Function]}
              onStartShouldSetResponder={[Function]}
              onStartShouldSetResponderCapture={[Function]}
              style={
                {
                  "backgroundColor": "#3A3A4A",
                  "borderRadius": 8,
                  "height": 67.5,
                  "marginHorizontal": 2,
                  "transform": [
                    {
                      "scale": 1,
                    },
                  ],
                  "width": 67.5,
                }
              }
            >
              <View
                style={
                  {
                    "alignItems": "center",
                    "flex": 1,
                    "justifyContent": "center",
                  }
                }
              >
                <Text
                  style={
                    [
                      {
                        "fontSize": 35,
                        "lineHeight": 35,
                        "textAlign": "center",
                      },
                      {
                        "color": "#FFFFFF",
                        "fontSize": 35,
                        "lineHeight": 67.5,
                        "textAlign": "center",
                      },
                      {},
                    ]
                  }
                >
                  ⠭
                </Text>
              </View>
            </View>
            <View
              accessibilityHint="Press to input ⠉"
              accessibilityLabel="Key ⠉"
              accessibilityRole="button"
              accessible={true}
              collapsable={false}
              onMoveShouldSetResponder={[Function]}
              onMoveShouldSetResponderCapture={[Function]}
              onResponderEnd={[Function]}
              onResponderGrant={[Function]}
              onResponderMove={[Function]}
              onResponderReject={[Function]}
              onResponderRelease={[Function]}
              onResponderStart={[Function]}
              onResponderTerminate={[Function]}
              onResponderTerminationRequest={[Function]}
              onStartShouldSetResponder={[Function]}
              onStartShouldSetResponderCapture={[Function]}
              style={
                {
                  "backgroundColor": "#3A3A4A",
                  "borderRadius": 8,
                  "height": 67.5,
                  "marginHorizontal": 2,
                  "transform": [
                    {
                      "scale": 1,
                    },
                  ],
                  "width": 67.5,
                }
              }
            >
              <View
                style={
                  {
                    "alignItems": "center",
                    "flex": 1,
                    "justifyContent": "center",
                  }
                }
              >
                <Text
                  style={
                    [
                      {
                        "fontSize": 35,
                        "lineHeight": 35,
                        "textAlign": "center",
                      },
                      {
                        "color": "#FFFFFF",
                        "fontSize": 35,
                        "lineHeight": 67.5,
                        "textAlign": "center",
                      },
                      {},
                    ]
                  }
                >
                  ⠉
                </Text>
              </View>
            </View>
            <View
              accessibilityHint="Press to input ⠧"
              accessibilityLabel="Key ⠧"
              accessibilityRole="button"
              accessible={true}
              collapsable={false}
              onMoveShouldSetResponder={[Function]}
              onMoveShouldSetResponderCapture={[Function]}
              onResponderEnd={[Function]}
              onResponderGrant={[Function]}
              onResponderMove={[Function]}
              onResponderReject={[Function]}
              onResponderRelease={[Function]}
              onResponderStart={[Function]}
              onResponderTerminate={[Function]}
              onResponderTerminationRequest={[Function]}
              onStartShouldSetResponder={[Function]}
              onStartShouldSetResponderCapture={[Function]}
              style={
                {
                  "backgroundColor": "#3A3A4A",
                  "borderRadius": 8,
                  "height": 67.5,
                  "marginHorizontal": 2,
                  "transform": [
                    {
                      "scale": 1,
                    },
                  ],
                  "width": 67.5,
                }
              }
            >
              <View
                style={
                  {
                    "alignItems": "center",
                    "flex": 1,
                    "justifyContent": "center",
                  }
                }
              >
                <Text
                  style={
                    [
                      {
                        "fontSize": 35,
                        "lineHeight": 35,
                        "textAlign": "center",
                      },
                      {
                        "color": "#FFFFFF",
                        "fontSize": 35,
                        "lineHeight": 67.5,
                        "textAlign": "center",
                      },
                      {},
                    ]
                  }
                >
                  ⠧
                </Text>
              </View>
            </View>
            <View
              accessibilityHint="Press to input ⠃"
              accessibilityLabel="Key ⠃"
              accessibilityRole="button"
              accessible={true}
              collapsable={false}
              onMoveShouldSetResponder={[Function]}
              onMoveShouldSetResponderCapture={[Function]}
              onResponderEnd={[Function]}
              onResponderGrant={[Function]}
              onResponderMove={[Function]}
              onResponderReject={[Function]}
              onResponderRelease={[Function]}
              onResponderStart={[Function]}
              onResponderTerminate={[Function]}
              onResponderTerminationRequest={[Function]}
              onStartShouldSetResponder={[Function]}
              onStartShouldSetResponderCapture={[Function]}
              style={
                {
                  "backgroundColor": "#3A3A4A",
                  "borderRadius": 8,
                  "height": 67.5,
                  "marginHorizontal": 2,
                  "transform": [
                    {
                      "scale": 1,
                    },
                  ],
                  "width": 67.5,
                }
              }
            >
              <View
                style={
                  {
                    "alignItems": "center",
                    "flex": 1,
                    "justifyContent": "center",
                  }
                }
              >
                <Text
                  style={
                    [
                      {
                        "fontSize": 35,
                        "lineHeight": 35,
                        "textAlign": "center",
                      },
                      {
                        "color": "#FFFFFF",
                        "fontSize": 35,
                        "lineHeight": 67.5,
                        "textAlign": "center",
                      },
                      {},
                    ]
                  }
                >
                  ⠃
                </Text>
              </View>
            </View>
            <View
              accessibilityHint="Press to input ⠝"
              accessibilityLabel="Key ⠝"
              accessibilityRole="button"
              accessible={true}
              collapsable={false}
              onMoveShouldSetResponder={[Function]}
              onMoveShouldSetResponderCapture={[Function]}
              onResponderEnd={[Function]}
              onResponderGrant={[Function]}
              onResponderMove={[Function]}
              onResponderReject={[Function]}
              onResponderRelease={[Function]}
              onResponderStart={[Function]}
              onResponderTerminate={[Function]}
              onResponderTerminationRequest={[Function]}
              onStartShouldSetResponder={[Function]}
              onStartShouldSetResponderCapture={[Function]}
              style={
                {
                  "backgroundColor": "#3A3A4A",
                  "borderRadius": 8,
                  "height": 67.5,
                  "marginHorizontal": 2,
                  "transform": [
                    {
                      "scale": 1,
                    },
                  ],
                  "width": 67.5,
                }
              }
            >
              <View
                style={
                  {
                    "alignItems": "center",
                    "flex": 1,
                    "justifyContent": "center",
                  }
                }
              >
                <Text
                  style={
                    [
                      {
                        "fontSize": 35,
                        "lineHeight": 35,
                        "textAlign": "center",
                      },
                      {
                        "color": "#FFFFFF",
                        "fontSize": 35,
                        "lineHeight": 67.5,
                        "textAlign": "center",
                      },
                      {},
                    ]
                  }
                >
                  ⠝
                </Text>
              </View>
            </View>
            <View
              accessibilityHint="Press to input ⠍"
              accessibilityLabel="Key ⠍"
              accessibilityRole="button"
              accessible={true}
              collapsable={false}
              onMoveShouldSetResponder={[Function]}
              onMoveShouldSetResponderCapture={[Function]}
              onResponderEnd={[Function]}
              onResponderGrant={[Function]}
              onResponderMove={[Function]}
              onResponderReject={[Function]}
              onResponderRelease={[Function]}
              onResponderStart={[Function]}
              onResponderTerminate={[Function]}
              onResponderTerminationRequest={[Function]}
              onStartShouldSetResponder={[Function]}
              onStartShouldSetResponderCapture={[Function]}
              style={
                {
                  "backgroundColor": "#3A3A4A",
                  "borderRadius": 8,
                  "height": 67.5,
                  "marginHorizontal": 2,
                  "transform": [
                    {
                      "scale": 1,
                    },
                  ],
                  "width": 67.5,
                }
              }
            >
              <View
                style={
                  {
                    "alignItems": "center",
                    "flex": 1,
                    "justifyContent": "center",
                  }
                }
              >
                <Text
                  style={
                    [
                      {
                        "fontSize": 35,
                        "lineHeight": 35,
                        "textAlign": "center",
                      },
                      {
                        "color": "#FFFFFF",
                        "fontSize": 35,
                        "lineHeight": 67.5,
                        "textAlign": "center",
                      },
                      {},
                    ]
                  }
                >
                  ⠍
                </Text>
              </View>
            </View>
            <View
              accessibilityHint="Deletes the last character"
              accessibilityLabel="Delete"
              accessibilityRole="button"
              accessible={true}
              collapsable={false}
              onMoveShouldSetResponder={[Function]}
              onMoveShouldSetResponderCapture={[Function]}
              onResponderEnd={[Function]}
              onResponderGrant={[Function]}
              onResponderMove={[Function]}
              onResponderReject={[Function]}
              onResponderRelease={[Function]}
              onResponderStart={[Function]}
              onResponderTerminate={[Function]}
              onResponderTerminationRequest={[Function]}
              onStartShouldSetResponder={[Function]}
              onStartShouldSetResponderCapture={[Function]}
              style={
                {
                  "backgroundColor": "#3A3A4A",
                  "borderRadius": 8,
                  "height": 67.5,
                  "marginHorizontal": 2,
                  "transform": [
                    {
                      "scale": 1,
                    },
                  ],
                  "width": 67.5,
                }
              }
            >
              <View
                style={
                  {
                    "alignItems": "center",
                    "flex": 1,
                    "justifyContent": "center",
                  }
                }
              >
                <Text
                  style={
                    [
                      {
                        "fontSize": 35,
                        "lineHeight": 35,
                        "textAlign": "center",
                      },
                      {
                        "color": "#FFFFFF",
                        "fontSize": 35,
                        "lineHeight": 67.5,
                        "textAlign": "center",
                      },
                      {},
                    ]
                  }
                >
                  ⌫
                </Text>
              </View>
            </View>
          </View>
        </View>
      </View>
      <View
        style={
          [
            {
              "alignItems": "center",
              "flexDirection": "row",
              "justifyContent": "space-around",
              "marginVertical": 4,
            },
            {
              "justifyContent": "center",
              "marginBottom": 4,
              "marginTop": 0,
            },
          ]
        }
      >
        <View
          accessibilityHint="Switch to numeric keyboard layout"
          accessibilityLabel="Numeric keyboard"
          accessibilityRole="button"
          accessible={true}
          collapsable={false}
          onMoveShouldSetResponder={[Function]}
          onMoveShouldSetResponderCapture={[Function]}
          onResponderEnd={[Function]}
          onResponderGrant={[Function]}
          onResponderMove={[Function]}
          onResponderReject={[Function]}
          onResponderRelease={[Function]}
          onResponderStart={[Function]}
          onResponderTerminate={[Function]}
          onResponderTerminationRequest={[Function]}
          onStartShouldSetResponder={[Function]}
          onStartShouldSetResponderCapture={[Function]}
          style={
            {
              "backgroundColor": "#3A3A4A",
              "borderRadius": 8,
              "height": 67.5,
              "marginHorizontal": 5,
              "transform": [
                {
                  "scale": 1,
                },
              ],
              "width": 67.5,
            }
          }
        >
          <View
            style={
              {
                "alignItems": "center",
                "flex": 1,
                "justifyContent": "center",
              }
            }
          >
            <Text
              style={
                [
                  {
                    "fontSize": 20,
                    "lineHeight": 20,
                    "textAlign": "center",
                  },
                  {
                    "color": "#FFFFFF",
                    "fontSize": 35,
                    "lineHeight": 67.5,
                    "textAlign": "center",
                  },
                  {
                    "color": "#FFFFFF",
                    "fontSize": 20,
                    "textAlign": "center",
                  },
                ]
              }
            >
              ⠼
            </Text>
          </View>
        </View>
        <View
          accessibilityHint="Switch to emoji input mode"
          accessibilityLabel="Emoji keyboard"
          accessibilityRole="button"
          accessible={true}
          collapsable={false}
          onMoveShouldSetResponder={[Function]}
          onMoveShouldSetResponderCapture={[Function]}
          onResponderEnd={[Function]}
          onResponderGrant={[Function]}
          onResponderMove={[Function]}
          onResponderReject={[Function]}
          onResponderRelease={[Function]}
          onResponderStart={[Function]}
          onResponderTerminate={[Function]}
          onResponderTerminationRequest={[Function]}
          onStartShouldSetResponder={[Function]}
          onStartShouldSetResponderCapture={[Function]}
          style={
            {
              "backgroundColor": "#3A3A4A",
              "borderRadius": 8,
              "height": 67.5,
              "marginHorizontal": 2,
              "transform": [
                {
                  "scale": 1,
                },
              ],
              "width": 67.5,
            }
          }
        >
          <View
            style={
              {
                "alignItems": "center",
                "flex": 1,
                "justifyContent": "center",
              }
            }
          >
            <Text
              style={
                [
                  {
                    "fontSize": 20,
                    "lineHeight": 20,
                    "textAlign": "center",
                  },
                  {
                    "color": "#FFFFFF",
                    "fontSize": 35,
                    "lineHeight": 67.5,
                    "textAlign": "center",
                  },
                  {
                    "color": "#FFFFFF",
                    "fontSize": 20,
                    "textAlign": "center",
                  },
                ]
              }
            >
              😊
            </Text>
          </View>
        </View>
        <View
          accessibilityHint="Insert a space"
          accessibilityLabel="Space"
          accessibilityRole="button"
          accessible={true}
          collapsable={false}
          onMoveShouldSetResponder={[Function]}
          onMoveShouldSetResponderCapture={[Function]}
          onResponderEnd={[Function]}
          onResponderGrant={[Function]}
          onResponderMove={[Function]}
          onResponderReject={[Function]}
          onResponderRelease={[Function]}
          onResponderStart={[Function]}
          onResponderTerminate={[Function]}
          onResponderTerminationRequest={[Function]}
          onStartShouldSetResponder={[Function]}
          onStartShouldSetResponderCapture={[Function]}
          style={
            {
              "alignItems": "center",
              "backgroundColor": "#3A3A4A",
              "borderRadius": 8,
              "height": 67.5,
              "justifyContent": "center",
              "marginHorizontal": 5,
              "transform": [
                {
                  "scale": 1,
                },
              ],
              "width": 375,
            }
          }
        >
          <View
            style={
              {
                "alignItems": "center",
                "flex": 1,
                "justifyContent": "center",
              }
            }
          >
            <Text
              style={
                [
                  {
                    "fontSize": 20,
                    "lineHeight": 20,
                    "textAlign": "center",
                  },
                  {
                    "color": "#FFFFFF",
                    "fontSize": 35,
                    "lineHeight": 67.5,
                    "textAlign": "center",
                  },
                  {
                    "color": "#FFFFFF",
                    "fontSize": 20,
                    "textAlign": "center",
                  },
                ]
              }
            >
              Space
            </Text>
          </View>
        </View>
        <View
          accessibilityHint="Submit your input"
          accessibilityLabel="Enter"
          accessibilityRole="button"
          accessible={true}
          collapsable={false}
          onMoveShouldSetResponder={[Function]}
          onMoveShouldSetResponderCapture={[Function]}
          onResponderEnd={[Function]}
          onResponderGrant={[Function]}
          onResponderMove={[Function]}
          onResponderReject={[Function]}
          onResponderRelease={[Function]}
          onResponderStart={[Function]}
          onResponderTerminate={[Function]}
          onResponderTerminationRequest={[Function]}
          onStartShouldSetResponder={[Function]}
          onStartShouldSetResponderCapture={[Function]}
          style={
            {
              "alignItems": "center",
              "backgroundColor": "#3A3A4A",
              "borderRadius": 8,
              "height": 67.5,
              "justifyContent": "center",
              "marginHorizontal": 5,
              "transform": [
                {
                  "scale": 1,
                },
              ],
              "width": 135,
            }
          }
        >
          <View
            style={
              {
                "alignItems": "center",
                "flex": 1,
                "justifyContent": "center",
              }
            }
          >
            <Text
              style={
                [
                  {
                    "fontSize": 20,
                    "lineHeight": 20,
                    "textAlign": "center",
                  },
                  {
                    "color": "#FFFFFF",
                    "fontSize": 35,
                    "lineHeight": 67.5,
                    "textAlign": "center",
                  },
                  {
                    "color": "#FFFFFF",
                    "fontSize": 20,
                    "textAlign": "center",
                  },
                ]
              }
            >
              Enter
            </Text>
          </View>
        </View>
      </View>
      <View
        style={
          [
            {
              "alignItems": "center",
              "flexDirection": "row",
              "justifyContent": "space-evenly",
              "marginTop": 2,
              "paddingHorizontal": 10,
            },
          ]
        }
      >
        <View
          accessibilityHint="Switch between braille-only and braille+Latin layout"
          accessibilityLabel="Toggle dual layout"
          accessibilityRole="button"
          accessibilityState={
            {
              "busy": undefined,
              "checked": undefined,
              "disabled": undefined,
              "expanded": undefined,
              "selected": undefined,
            }
          }
          accessibilityValue={
            {
              "max": undefined,
              "min": undefined,
              "now": undefined,
              "text": undefined,
            }
          }
          accessible={true}
          collapsable={false}
          focusable={true}
          onClick={[Function]}
          onResponderGrant={[Function]}
          onResponderMove={[Function]}
          onResponderRelease={[Function]}
          onResponderTerminate={[Function]}
          onResponderTerminationRequest={[Function]}
          onStartShouldSetResponder={[Function]}
          style={
            {
              "opacity": 1,
            }
          }
        >
          <View
            colors={
              [
                "#7435FD",
                "#C381E7",
              ]
            }
            end={
              {
                "x": 0.5,
                "y": 1,
              }
            }
            start={
              {
                "x": 0.5,
                "y": 0,
              }
            }
            style={
              [
                {
                  "alignItems": "center",
                  "borderRadius": 20,
                  "justifyContent": "center",
                  "paddingHorizontal": 15,
                  "paddingVertical": 8,
                },
                {
                  "paddingHorizontal": 0,
                  "paddingVertical": 0,
                },
                [
                  {
                    "alignItems": "center",
                    "backgroundColor": "#3A3A4A",
                    "borderRadius": 43.875,
                    "height": 87.75,
                    "justifyContent": "center",
                    "width": 87.75,
                  },
                  {
                    "padding": 0,
                  },
                ],
              ]
            }
          >
            <Text>
              globe-outline
            </Text>
          </View>
        </View>
        <View
          accessibilityHint="Switch high contrast mode on or off"
          accessibilityLabel="Toggle high contrast mode"
          accessibilityRole="button"
          accessibilityState={
            {
              "busy": undefined,
              "checked": undefined,
              "disabled": undefined,
              "expanded": undefined,
              "selected": undefined,
            }
          }
          accessibilityValue={
            {
              "max": undefined,
              "min": undefined,
              "now": undefined,
              "text": undefined,
            }
          }
          accessible={true}
          collapsable={false}
          focusable={true}
          onClick={[Function]}
          onResponderGrant={[Function]}
          onResponderMove={[Function]}
          onResponderRelease={[Function]}
          onResponderTerminate={[Function]}
          onResponderTerminationRequest={[Function]}
          onStartShouldSetResponder={[Function]}
          style={
            {
              "opacity": 1,
            }
          }
        >
          <View
            colors={
              [
                "#7435FD",
                "#C381E7",
              ]
            }
            end={
              {
                "x": 0.5,
                "y": 1,
              }
            }
            start={
              {
                "x": 0.5,
                "y": 0,
              }
            }
            style={
              [
                {
                  "alignItems": "center",
                  "borderRadius": 20,
                  "justifyContent": "center",
                  "paddingHorizontal": 15,
                  "paddingVertical": 8,
                },
                {
                  "paddingHorizontal": 0,
                  "paddingVertical": 0,
                },
                [
                  {
                    "alignItems": "center",
                    "backgroundColor": "#3A3A4A",
                    "borderRadius": 43.875,
                    "height": 87.75,
                    "justifyContent": "center",
                    "width": 87.75,
                  },
                  {
                    "padding": 0,
                  },
                ],
              ]
            }
          >
            <Text>
              invert-mode-outline
            </Text>
          </View>
        </View>
        <View
          accessibilityHint="Activate voice input"
          accessibilityLabel="Microphone"
          accessibilityRole="button"
          accessibilityState={
            {
              "busy": undefined,
              "checked": undefined,
              "disabled": undefined,
              "expanded": undefined,
              "selected": undefined,
            }
          }
          accessibilityValue={
            {
              "max": undefined,
              "min": undefined,
              "now": undefined,
              "text": undefined,
            }
          }
          accessible={true}
          collapsable={false}
          focusable={true}
          onClick={[Function]}
          onResponderGrant={[Function]}
          onResponderMove={[Function]}
          onResponderRelease={[Function]}
          onResponderTerminate={[Function]}
          onResponderTerminationRequest={[Function]}
          onStartShouldSetResponder={[Function]}
          style={
            {
              "opacity": 1,
            }
          }
        >
          <View
            colors={
              [
                "#7435FD",
                "#C381E7",
              ]
            }
            end={
              {
                "x": 0.5,
                "y": 1,
              }
            }
            start={
              {
                "x": 0.5,
                "y": 0,
              }
            }
            style={
              [
                {
                  "alignItems": "center",
                  "borderRadius": 20,
                  "justifyContent": "center",
                  "paddingHorizontal": 15,
                  "paddingVertical": 8,
                },
                {
                  "paddingHorizontal": 0,
                  "paddingVertical": 0,
                },
                [
                  {
                    "alignItems": "center",
                    "backgroundColor": "#3A3A4A",
                    "borderRadius": 43.875,
                    "height": 87.75,
                    "justifyContent": "center",
                    "width": 87.75,
                  },
                  {
                    "padding": 0,
                  },
                ],
              ]
            }
          >
            <Text>
              mic-outline
            </Text>
          </View>
        </View>
        <View
          accessibilityHint="Activate full screen Braille input mode"
          accessibilityLabel="Full screen Braille input"
          accessibilityRole="button"
          accessibilityState={
            {
              "busy": undefined,
              "checked": undefined,
              "disabled": undefined,
              "expanded": undefined,
              "selected": undefined,
            }
          }
          accessibilityValue={
            {
              "max": undefined,
              "min": undefined,
              "now": undefined,
              "text": undefined,
            }
          }
          accessible={true}
          collapsable={false}
          focusable={true}
          onClick={[Function]}
          onResponderGrant={[Function]}
          onResponderMove={[Function]}
          onResponderRelease={[Function]}
          onResponderTerminate={[Function]}
          onResponderTerminationRequest={[Function]}
          onStartShouldSetResponder={[Function]}
          style={
            {
              "opacity": 1,
            }
          }
        >
          <View
            colors={
              [
                "#7435FD",
                "#C381E7",
              ]
            }
            end={
              {
                "x": 0.5,
                "y": 1,
              }
            }
            start={
              {
                "x": 0.5,
                "y": 0,
              }
            }
            style={
              [
                {
                  "alignItems": "center",
                  "borderRadius": 20,
                  "justifyContent": "center",
                  "paddingHorizontal": 15,
                  "paddingVertical": 8,
                },
                {
                  "paddingHorizontal": 0,
                  "paddingVertical": 0,
                },
                [
                  {
                    "alignItems": "center",
                    "backgroundColor": "#3A3A4A",
                    "borderRadius": 43.875,
                    "height": 87.75,
                    "justifyContent": "center",
                    "width": 87.75,
                  },
                  {
                    "padding": 0,
                  },
                ],
              ]
            }
          >
            <Text>
              finger-print-outline
            </Text>
          </View>
        </View>
        <View
          accessibilityHint="Switch to mini Braille keyboard mode"
          accessibilityLabel="Mini Braille keyboard"
          accessibilityRole="button"
          accessibilityState={
            {
              "busy": undefined,
              "checked": undefined,
              "disabled": undefined,
              "expanded": undefined,
              "selected": undefined,
            }
          }
          accessibilityValue={
            {
              "max": undefined,
              "min": undefined,
              "now": undefined,
              "text": undefined,
            }
          }
          accessible={true}
          collapsable={false}
          focusable={true}
          onClick={[Function]}
          onResponderGrant={[Function]}
          onResponderMove={[Function]}
          onResponderRelease={[Function]}
          onResponderTerminate={[Function]}
          onResponderTerminationRequest={[Function]}
          onStartShouldSetResponder={[Function]}
          style={
            {
              "opacity": 1,
            }
          }
        >
          <View
            colors={
              [
                "#7435FD",
                "#C381E7",
              ]
            }
            end={
              {
                "x": 0.5,
                "y": 1,
              }
            }
            start={
              {
                "x": 0.5,
                "y": 0,
              }
            }
            style={
              [
                {
                  "alignItems": "center",
                  "borderRadius": 20,
                  "justifyContent": "center",
                  "paddingHorizontal": 15,
                  "paddingVertical": 8,
                },
                {
                  "paddingHorizontal": 0,
                  "paddingVertical": 0,
                },
                [
                  {
                    "alignItems": "center",
                    "backgroundColor": "#3A3A4A",
                    "borderRadius": 43.875,
                    "height": 87.75,
                    "justifyContent": "center",
                    "width": 87.75,
                  },
                  {
                    "padding": 0,
                  },
                ],
              ]
            }
          >
            <Text>
              grid-outline
            </Text>
          </View>
        </View>
      </View>
    </View>
  </RCTSafeAreaView>,
]
`;
